(base) Vaibhavs-MBP:Assignments vaibhav$ git reset --soft HEAD~


(base) Vaibhavs-MBP:Assignments vaibhav$ git status
On branch main
Your branch is ahead of 'origin/main' by 2 commits.
  (use "git push" to publish your local commits)

Changes to be committed:
  (use "git restore --staged <file>..." to unstage)
        new file:   Task6/about.html

Untracked files:
  (use "git add <file>..." to include in what will be committed)
        Task2-02-09/index.html