(base) Vaibhavs-MBP:Assignments vaibhav$ git add Task7/index.html 
(base) Vaibhavs-MBP:Assignments vaibhav$ git commit -m "first commit"
[main 4f1c1aa] first commit
 1 file changed, 11 insertions(+)
 create mode 100644 Task7/index.html


(base) Vaibhavs-MBP:Assignments vaibhav$ git add Task7/error.html 
(base) Vaibhavs-MBP:Assignments vaibhav$ git commit -m "second commit"
[main 92fce81] second commit
 1 file changed, 11 insertions(+)
 create mode 100644 Task7/error.html
(base) Vaibhavs-MBP:Assignments vaibhav$ git add Task7/about.html 


(base) Vaibhavs-MBP:Assignments vaibhav$ git commit -m "third commit"
[main 0bbce11] third commit
 1 file changed, 11 insertions(+)
 create mode 100644 Task7/about.html


(base) Vaibhavs-MBP:Assignments vaibhav$ git reset --hard HEAD~
HEAD is now at 92fce81 second commit


(base) Vaibhavs-MBP:Assignments vaibhav$ git status
On branch main
Your branch is ahead of 'origin/main' by 2 commits.
  (use "git push" to publish your local commits)

Untracked files:
  (use "git add <file>..." to include in what will be committed)
        Task2-02-09/index.html

nothing added to commit but untracked files present (use "git add" to track)