(base) Vaibhavs-MBP:Assignments vaibhav$ git add Task8/index.html 


(base) Vaibhavs-MBP:Assignments vaibhav$ git commit -m "Task 8 - Main branch 1st commit"
[main 762a002] Task 8 - Main branch 1st commit
 1 file changed, 13 insertions(+)
 create mode 100644 Task8/index.html
(base) Vaibhavs-MBP:Assignments vaibhav$ git checkout -b my-feature main
Switched to a new branch 'my-feature'


(base) Vaibhavs-MBP:Assignments vaibhav$ git push origin main
Enumerating objects: 5, done.
Counting objects: 100% (5/5), done.
Delta compression using up to 8 threads
Compressing objects: 100% (3/3), done.
Writing objects: 100% (4/4), 533 bytes | 533.00 KiB/s, done.
Total 4 (delta 1), reused 0 (delta 0)
remote: Resolving deltas: 100% (1/1), completed with 1 local object.
To https://github.com/vaibhavshah96/consultadd-java-training-2021.git
   04eb352..762a002  main -> main


(base) Vaibhavs-MBP:Assignments vaibhav$ git checkout my-feature
Switched to branch 'my-feature'


(base) Vaibhavs-MBP:Assignments vaibhav$ git add Task8/about-us.html


(base) Vaibhavs-MBP:Assignments vaibhav$ git commit -m "Adding about to my-feature branch"
[my-feature 83b3611] Adding about to my-feature branch
 1 file changed, 16 insertions(+)
 create mode 100644 Task8/about-us.html
(base) Vaibhavs-MBP:Assignments vaibhav$ git push origin my-feature
Enumerating objects: 6, done.
Counting objects: 100% (6/6), done.
Delta compression using up to 8 threads
Compressing objects: 100% (4/4), done.
Writing objects: 100% (4/4), 585 bytes | 585.00 KiB/s, done.
Total 4 (delta 1), reused 0 (delta 0)
remote: Resolving deltas: 100% (1/1), completed with 1 local object.
remote: 
remote: Create a pull request for 'my-feature' on GitHub by visiting:
remote:      https://github.com/vaibhavshah96/consultadd-java-training-2021/pull/new/my-feature
remote: 
To https://github.com/vaibhavshah96/consultadd-java-training-2021.git
 * [new branch]      my-feature -> my-feature


(base) Vaibhavs-MBP:Assignments vaibhav$ git checkout main
Switched to branch 'main'
Your branch is up to date with 'origin/main'.


(base) Vaibhavs-MBP:Assignments vaibhav$ git merge my-feature
Updating 762a002..83b3611
Fast-forward
 Task8/about-us.html | 16 ++++++++++++++++
 1 file changed, 16 insertions(+)
 create mode 100644 Task8/about-us.html
(base) Vaibhavs-MBP:Assignments vaibhav$ 